Archive member included to satisfy reference by file (symbol)

C:/ST/STM32CubeIDE_1.14.1/STM32CubeIDE/plugins/com.st.stm32cube.ide.mcu.externaltools.gnu-tools-for-stm32.11.3.rel1.win32_1.1.100.202309141235/tools/bin/../lib/gcc/arm-none-eabi/11.3.1/../../../../arm-none-eabi/lib/thumb/v7-m/nofp\libc_nano.a(libc_a-exit.o)
                              C:/ST/STM32CubeIDE_1.14.1/STM32CubeIDE/plugins/com.st.stm32cube.ide.mcu.externaltools.gnu-tools-for-stm32.11.3.rel1.win32_1.1.100.202309141235/tools/bin/../lib/gcc/arm-none-eabi/11.3.1/../../../../arm-none-eabi/lib/thumb/v7-m/nofp/crt0.o (exit)
C:/ST/STM32CubeIDE_1.14.1/STM32CubeIDE/plugins/com.st.stm32cube.ide.mcu.externaltools.gnu-tools-for-stm32.11.3.rel1.win32_1.1.100.202309141235/tools/bin/../lib/gcc/arm-none-eabi/11.3.1/../../../../arm-none-eabi/lib/thumb/v7-m/nofp\libc_nano.a(libc_a-findfp.o)
                              C:/ST/STM32CubeIDE_1.14.1/STM32CubeIDE/plugins/com.st.stm32cube.ide.mcu.externaltools.gnu-tools-for-stm32.11.3.rel1.win32_1.1.100.202309141235/tools/bin/../lib/gcc/arm-none-eabi/11.3.1/../../../../arm-none-eabi/lib/thumb/v7-m/nofp\libc_nano.a(libc_a-exit.o) (__stdio_exit_handler)
C:/ST/STM32CubeIDE_1.14.1/STM32CubeIDE/plugins/com.st.stm32cube.ide.mcu.externaltools.gnu-tools-for-stm32.11.3.rel1.win32_1.1.100.202309141235/tools/bin/../lib/gcc/arm-none-eabi/11.3.1/../../../../arm-none-eabi/lib/thumb/v7-m/nofp\libc_nano.a(libc_a-fwalk.o)
                              C:/ST/STM32CubeIDE_1.14.1/STM32CubeIDE/plugins/com.st.stm32cube.ide.mcu.externaltools.gnu-tools-for-stm32.11.3.rel1.win32_1.1.100.202309141235/tools/bin/../lib/gcc/arm-none-eabi/11.3.1/../../../../arm-none-eabi/lib/thumb/v7-m/nofp\libc_nano.a(libc_a-findfp.o) (_fwalk_sglue)
C:/ST/STM32CubeIDE_1.14.1/STM32CubeIDE/plugins/com.st.stm32cube.ide.mcu.externaltools.gnu-tools-for-stm32.11.3.rel1.win32_1.1.100.202309141235/tools/bin/../lib/gcc/arm-none-eabi/11.3.1/../../../../arm-none-eabi/lib/thumb/v7-m/nofp\libc_nano.a(libc_a-stdio.o)
                              C:/ST/STM32CubeIDE_1.14.1/STM32CubeIDE/plugins/com.st.stm32cube.ide.mcu.externaltools.gnu-tools-for-stm32.11.3.rel1.win32_1.1.100.202309141235/tools/bin/../lib/gcc/arm-none-eabi/11.3.1/../../../../arm-none-eabi/lib/thumb/v7-m/nofp\libc_nano.a(libc_a-findfp.o) (__sread)
C:/ST/STM32CubeIDE_1.14.1/STM32CubeIDE/plugins/com.st.stm32cube.ide.mcu.externaltools.gnu-tools-for-stm32.11.3.rel1.win32_1.1.100.202309141235/tools/bin/../lib/gcc/arm-none-eabi/11.3.1/../../../../arm-none-eabi/lib/thumb/v7-m/nofp\libc_nano.a(libc_a-memset.o)
                              C:/ST/STM32CubeIDE_1.14.1/STM32CubeIDE/plugins/com.st.stm32cube.ide.mcu.externaltools.gnu-tools-for-stm32.11.3.rel1.win32_1.1.100.202309141235/tools/bin/../lib/gcc/arm-none-eabi/11.3.1/../../../../arm-none-eabi/lib/thumb/v7-m/nofp/crt0.o (memset)
C:/ST/STM32CubeIDE_1.14.1/STM32CubeIDE/plugins/com.st.stm32cube.ide.mcu.externaltools.gnu-tools-for-stm32.11.3.rel1.win32_1.1.100.202309141235/tools/bin/../lib/gcc/arm-none-eabi/11.3.1/../../../../arm-none-eabi/lib/thumb/v7-m/nofp\libc_nano.a(libc_a-closer.o)
                              C:/ST/STM32CubeIDE_1.14.1/STM32CubeIDE/plugins/com.st.stm32cube.ide.mcu.externaltools.gnu-tools-for-stm32.11.3.rel1.win32_1.1.100.202309141235/tools/bin/../lib/gcc/arm-none-eabi/11.3.1/../../../../arm-none-eabi/lib/thumb/v7-m/nofp\libc_nano.a(libc_a-stdio.o) (_close_r)
C:/ST/STM32CubeIDE_1.14.1/STM32CubeIDE/plugins/com.st.stm32cube.ide.mcu.externaltools.gnu-tools-for-stm32.11.3.rel1.win32_1.1.100.202309141235/tools/bin/../lib/gcc/arm-none-eabi/11.3.1/../../../../arm-none-eabi/lib/thumb/v7-m/nofp\libc_nano.a(libc_a-reent.o)
                              C:/ST/STM32CubeIDE_1.14.1/STM32CubeIDE/plugins/com.st.stm32cube.ide.mcu.externaltools.gnu-tools-for-stm32.11.3.rel1.win32_1.1.100.202309141235/tools/bin/../lib/gcc/arm-none-eabi/11.3.1/../../../../arm-none-eabi/lib/thumb/v7-m/nofp\libc_nano.a(libc_a-closer.o) (errno)
C:/ST/STM32CubeIDE_1.14.1/STM32CubeIDE/plugins/com.st.stm32cube.ide.mcu.externaltools.gnu-tools-for-stm32.11.3.rel1.win32_1.1.100.202309141235/tools/bin/../lib/gcc/arm-none-eabi/11.3.1/../../../../arm-none-eabi/lib/thumb/v7-m/nofp\libc_nano.a(libc_a-impure.o)
                              C:/ST/STM32CubeIDE_1.14.1/STM32CubeIDE/plugins/com.st.stm32cube.ide.mcu.externaltools.gnu-tools-for-stm32.11.3.rel1.win32_1.1.100.202309141235/tools/bin/../lib/gcc/arm-none-eabi/11.3.1/../../../../arm-none-eabi/lib/thumb/v7-m/nofp\libc_nano.a(libc_a-reent.o) (_impure_ptr)
C:/ST/STM32CubeIDE_1.14.1/STM32CubeIDE/plugins/com.st.stm32cube.ide.mcu.externaltools.gnu-tools-for-stm32.11.3.rel1.win32_1.1.100.202309141235/tools/bin/../lib/gcc/arm-none-eabi/11.3.1/../../../../arm-none-eabi/lib/thumb/v7-m/nofp\libc_nano.a(libc_a-lseekr.o)
[...]
Memory Configuration

Name             Origin             Length             Attributes
RAM              0x0000000020000000 0x0000000000005000 xrw
FLASH            0x0000000008000000 0x0000000000010000 xr
*default*        0x0000000000000000 0xffffffffffffffff

Linker script and memory map

LOAD C:/ST/STM32CubeIDE_1.14.1/STM32CubeIDE/plugins/com.st.stm32cube.ide.mcu.externaltools.gnu-tools-for-stm32.11.3.rel1.win32_1.1.100.202309141235/tools/bin/../lib/gcc/arm-none-eabi/11.3.1/thumb/v7-m/nofp/crti.o
LOAD C:/ST/STM32CubeIDE_1.14.1/STM32CubeIDE/plugins/com.st.stm32cube.ide.mcu.externaltools.gnu-tools-for-stm32.11.3.rel1.win32_1.1.100.202309141235/tools/bin/../lib/gcc/arm-none-eabi/11.3.1/thumb/v7-m/nofp/crtbegin.o
LOAD C:/ST/STM32CubeIDE_1.14.1/STM32CubeIDE/plugins/com.st.stm32cube.ide.mcu.externaltools.gnu-tools-for-stm32.11.3.rel1.win32_1.1.100.202309141235/tools/bin/../lib/gcc/arm-none-eabi/11.3.1/../../../../arm-none-eabi/lib/thumb/v7-m/nofp/crt0.o
LOAD ./HAL/I2C_Slave_EEPROM.o
LOAD ./HAL/keypad.o
LOAD ./HAL/lcd.o
LOAD ./My_RTOS/Cortex_Mx_OS_Porting.o
LOAD ./My_RTOS/My_RTOS_FIFO.o
LOAD ./My_RTOS/Schedular.o
LOAD ./Src/main.o
LOAD ./Src/syscalls.o
LOAD ./Src/sysmem.o
LOAD ./Startup/startup_stm32f103c8tx.o
LOAD ./Stm32_F103C6_Drivers/GPIO/stm32f103x8_gpio_driver.o
LOAD ./Stm32_F103C6_Drivers/stm32f103x8_EXTI_driver.o
LOAD ./Stm32_F103C6_Drivers/stm32f103x8_I2C_Drver.o
LOAD ./Stm32_F103C6_Drivers/stm32f103x8_RCC_driver.o
LOAD ./Stm32_F103C6_Drivers/stm32f103x8_SPI_Drver.o
LOAD ./Stm32_F103C6_Drivers/stm32f103x8_USART_driver.o
START GROUP
LOAD C:/ST/STM32CubeIDE_1.14.1/STM32CubeIDE/plugins/com.st.stm32cube.ide.mcu.externaltools.gnu-tools-for-stm32.11.3.rel1.win32_1.1.100.202309141235/tools/bin/../lib/gcc/arm-none-eabi/11.3.1/../../../../arm-none-eabi/lib/thumb/v7-m/nofp\libc_nano.a
LOAD C:/ST/STM32CubeIDE_1.14.1/STM32CubeIDE/plugins/com.st.stm32cube.ide.mcu.externaltools.gnu-tools-for-stm32.11.3.rel1.win32_1.1.100.202309141235/tools/bin/../lib/gcc/arm-none-eabi/11.3.1/../../../../arm-none-eabi/lib/thumb/v7-m/nofp\libm.a
END GROUP
START GROUP
LOAD C:/ST/STM32CubeIDE_1.14.1/STM32CubeIDE/plugins/com.st.stm32cube.ide.mcu.externaltools.gnu-tools-for-stm32.11.3.rel1.win32_1.1.100.202309141235/tools/bin/../lib/gcc/arm-none-eabi/11.3.1/thumb/v7-m/nofp\libgcc.a
LOAD C:/ST/STM32CubeIDE_1.14.1/STM32CubeIDE/plugins/com.st.stm32cube.ide.mcu.externaltools.gnu-tools-for-stm32.11.3.rel1.win32_1.1.100.202309141235/tools/bin/../lib/gcc/arm-none-eabi/11.3.1/../../../../arm-none-eabi/lib/thumb/v7-m/nofp\libc_nano.a
END GROUP
START GROUP
LOAD C:/ST/STM32CubeIDE_1.14.1/STM32CubeIDE/plugins/com.st.stm32cube.ide.mcu.externaltools.gnu-tools-for-stm32.11.3.rel1.win32_1.1.100.202309141235/tools/bin/../lib/gcc/arm-none-eabi/11.3.1/thumb/v7-m/nofp\libgcc.a
LOAD C:/ST/STM32CubeIDE_1.14.1/STM32CubeIDE/plugins/com.st.stm32cube.ide.mcu.externaltools.gnu-tools-for-stm32.11.3.rel1.win32_1.1.100.202309141235/tools/bin/../lib/gcc/arm-none-eabi/11.3.1/../../../../arm-none-eabi/lib/thumb/v7-m/nofp\libc_nano.a
LOAD C:/ST/STM32CubeIDE_1.14.1/STM32CubeIDE/plugins/com.st.stm32cube.ide.mcu.externaltools.gnu-tools-for-stm32.11.3.rel1.win32_1.1.100.202309141235/tools/bin/../lib/gcc/arm-none-eabi/11.3.1/../../../../arm-none-eabi/lib/thumb/v7-m/nofp\libnosys.a
END GROUP
START GROUP
LOAD C:/ST/STM32CubeIDE_1.14.1/STM32CubeIDE/plugins/com.st.stm32cube.ide.mcu.externaltools.gnu-tools-for-stm32.11.3.rel1.win32_1.1.100.202309141235/tools/bin/../lib/gcc/arm-none-eabi/11.3.1/thumb/v7-m/nofp\libgcc.a
LOAD C:/ST/STM32CubeIDE_1.14.1/STM32CubeIDE/plugins/com.st.stm32cube.ide.mcu.externaltools.gnu-tools-for-stm32.11.3.rel1.win32_1.1.100.202309141235/tools/bin/../lib/gcc/arm-none-eabi/11.3.1/../../../../arm-none-eabi/lib/thumb/v7-m/nofp\libc_nano.a
LOAD C:/ST/STM32CubeIDE_1.14.1/STM32CubeIDE/plugins/com.st.stm32cube.ide.mcu.externaltools.gnu-tools-for-stm32.11.3.rel1.win32_1.1.100.202309141235/tools/bin/../lib/gcc/arm-none-eabi/11.3.1/../../../../arm-none-eabi/lib/thumb/v7-m/nofp\libnosys.a
END GROUP
LOAD C:/ST/STM32CubeIDE_1.14.1/STM32CubeIDE/plugins/com.st.stm32cube.ide.mcu.externaltools.gnu-tools-for-stm32.11.3.rel1.win32_1.1.100.202309141235/tools/bin/../lib/gcc/arm-none-eabi/11.3.1/thumb/v7-m/nofp/crtend.o
LOAD C:/ST/STM32CubeIDE_1.14.1/STM32CubeIDE/plugins/com.st.stm32cube.ide.mcu.externaltools.gnu-tools-for-stm32.11.3.rel1.win32_1.1.100.202309141235/tools/bin/../lib/gcc/arm-none-eabi/11.3.1/thumb/v7-m/nofp/crtn.o
                0x0000000020005000                _estack = (ORIGIN (RAM) + LENGTH (RAM))
                0x0000000000000200                _Min_Heap_Size = 0x200
                0x0000000000000400                _Min_Stack_Size = 0x400

.isr_vector     0x0000000008000000      0x130
                0x0000000008000000                . = ALIGN (0x4)
 *(.isr_vector)
 .isr_vector    0x0000000008000000      0x130 ./Startup/startup_stm32f103c8tx.o
                0x0000000008000000                g_pfnVectors
                0x0000000008000130                . = ALIGN (0x4)

.text           0x0000000008000130     0x13a8
                0x0000000008000130                . = ALIGN (0x4)
 *(.text)
 .text          0x0000000008000130       0x40 C:/ST/STM32CubeIDE_1.14.1/STM32CubeIDE/plugins/com.st.stm32cube.ide.mcu.externaltools.gnu-tools-for-stm32.11.3.rel1.win32_1.1.100.202309141235/tools/bin/../lib/gcc/arm-none-eabi/11.3.1/thumb/v7-m/nofp/crtbegin.o
 .text          0x0000000008000170       0x14 C:/ST/STM32CubeIDE_1.14.1/STM32CubeIDE/plugins/com.st.stm32cube.ide.mcu.externaltools.gnu-tools-for-stm32.11.3.rel1.win32_1.1.100.202309141235/tools/bin/../lib/gcc/arm-none-eabi/11.3.1/../../../../arm-none-eabi/lib/thumb/v7-m/nofp\libc_nano.a(libc_a-strcmp.o)
                0x0000000008000170                strcmp
 *(.text*)
 .text.__NVIC_SetPriority
                0x0000000008000184       0x54 ./My_RTOS/Cortex_Mx_OS_Porting.o
 .text.SysTick_Config
                0x00000000080001d8       0x44 ./My_RTOS/Cortex_Mx_OS_Porting.o
 .text.HardFault_Handler
                0x000000000800021c        0x6 ./My_RTOS/Cortex_Mx_OS_Porting.o
                0x000000000800021c                HardFault_Handler
 .text.MemManage_Handler
                0x0000000008000222        0x6 ./My_RTOS/Cortex_Mx_OS_Porting.o
                0x0000000008000222                MemManage_Handler
 .text.BusFault_Handler
                0x0000000008000228        0x6 ./My_RTOS/Cortex_Mx_OS_Porting.o
                0x0000000008000228                BusFault_Handler
 .text.UsageFault_Handler
                0x000000000800022e        0x6 ./My_RTOS/Cortex_Mx_OS_Porting.o
                0x000000000800022e                UsageFault_Handler
 .text.SVC_Handler
                0x0000000008000234       0x14 ./My_RTOS/Cortex_Mx_OS_Porting.o
                0x0000000008000234                SVC_Handler
 .text.HW_Init  0x0000000008000248       0x12 ./My_RTOS/Cortex_Mx_OS_Porting.o
                0x0000000008000248                HW_Init
 .text.Start_Ticker
                0x000000000800025a       0x10 ./My_RTOS/Cortex_Mx_OS_Porting.o
                0x000000000800025a                Start_Ticker
 .text.FIFO_Init
                0x000000000800026a       0x44 ./My_RTOS/My_RTOS_FIFO.o
                0x000000000800026a                FIFO_Init
 .text.FIFO_Enqeue
                0x00000000080002ae       0x82 ./My_RTOS/My_RTOS_FIFO.o
                0x00000000080002ae                FIFO_Enqeue
 .text.FIFO_Deqeue
                0x0000000008000330       0x78 ./My_RTOS/My_RTOS_FIFO.o
                0x0000000008000330                FIFO_Deqeue
 .text.OS_SVC_Set
                0x00000000080003a8       0x38 ./My_RTOS/Schedular.o
 .text.MYRTOS_Create_MainStack
                0x00000000080003e0       0x3c ./My_RTOS/Schedular.o
 .text.MyRTOS_Idle_Task
                0x000000000800041c       0x1c ./My_RTOS/Schedular.o
 .text.SysTick_Handler
                0x0000000008000438       0x34 ./My_RTOS/Schedular.o
                0x0000000008000438                SysTick_Handler
 .text.MYRTOS_DecideNextTask
                0x000000000800046c       0xa4 ./My_RTOS/Schedular.o
 .text.MYRTOS_SVC_services
                0x0000000008000510       0x64 ./My_RTOS/Schedular.o
                0x0000000008000510                MYRTOS_SVC_services
 .text.PendSV_Handler
                0x0000000008000574      0x1b8 ./My_RTOS/Schedular.o
                0x0000000008000574                PendSV_Handler
 .text.MYRTOS_UpdateSchedulerTable
                0x000000000800072c       0xc4 ./My_RTOS/Schedular.o
 .text.MYRTOS_BubbleSort
                0x00000000080007f0       0x90 ./My_RTOS/Schedular.o
 .text.MYRTOS_Init
                0x0000000008000880       0x84 ./My_RTOS/Schedular.o
                0x0000000008000880                MYRTOS_Init
 .text.MYRTOS_Create_Stack
                0x0000000008000904       0x7e ./My_RTOS/Schedular.o
 *fill*         0x0000000008000982        0x2 
 .text.MYRTOS_Create_Task
                0x0000000008000984       0x8c ./My_RTOS/Schedular.o
                0x0000000008000984                MYRTOS_Create_Task
 .text.MYRTOS_Update_TasksWaitingTime
                0x0000000008000a10       0x8c ./My_RTOS/Schedular.o
 .text.MYRTOS_StartOS
                0x0000000008000a9c       0x5c ./My_RTOS/Schedular.o
                0x0000000008000a9c                MYRTOS_StartOS
 .text.MYRTOS_AcquireMutex
                0x0000000008000af8       0x7e ./My_RTOS/Schedular.o
                0x0000000008000af8                MYRTOS_AcquireMutex
 *fill*         0x0000000008000b76        0x2 
 .text.MYRTOS_ReleaseMutex
                0x0000000008000b78       0x90 ./My_RTOS/Schedular.o
                0x0000000008000b78                MYRTOS_ReleaseMutex
 .text.MYRTOS_ActivateTask
                0x0000000008000c08       0x1e ./My_RTOS/Schedular.o
                0x0000000008000c08                MYRTOS_ActivateTask
 .text.MYRTOS_TerminateTask
                0x0000000008000c26       0x1e ./My_RTOS/Schedular.o
                0x0000000008000c26                MYRTOS_TerminateTask
 .text.main     0x0000000008000c44      0x190 ./Src/main.o
                0x0000000008000c44                main
 .text.Task_1   0x0000000008000dd4       0x58 ./Src/main.o
                0x0000000008000dd4                Task_1
 .text.Task_2   0x0000000008000e2c       0x4c ./Src/main.o
                0x0000000008000e2c                Task_2
 .text.Task_3   0x0000000008000e78       0x54 ./Src/main.o
                0x0000000008000e78                Task_3
 .text.Task_4   0x0000000008000ecc       0x54 ./Src/main.o
                0x0000000008000ecc                Task_4
 .text.Reset_Handler
                0x0000000008000f20       0x50 ./Startup/startup_stm32f103c8tx.o
                0x0000000008000f20                Reset_Handler
 .text.Default_Handler
                0x0000000008000f70        0x2 ./Startup/startup_stm32f103c8tx.o
                0x0000000008000f70                TIM8_TRG_COM_IRQHandler
                0x0000000008000f70                TIM8_CC_IRQHandler
                0x0000000008000f70                DebugMon_Handler
                0x0000000008000f70                TIM1_CC_IRQHandler
                0x0000000008000f70                TIM6_IRQHandler
                0x0000000008000f70                PVD_IRQHandler
                0x0000000008000f70                SDIO_IRQHandler
                0x0000000008000f70                NMI_Handler
                0x0000000008000f70                USB_HP_CAN_TX_IRQHandler
                0x0000000008000f70                ADC1_2_IRQHandler
                0x0000000008000f70                CAN_SCE_IRQHandler
                0x0000000008000f70                TAMPER_IRQHandler
                0x0000000008000f70                TIM8_UP_IRQHandler
                0x0000000008000f70                DMA2_Channel2_IRQHandler
                0x0000000008000f70                DMA1_Channel4_IRQHandler
                0x0000000008000f70                RTC_IRQHandler
                0x0000000008000f70                DMA1_Channel7_IRQHandler
                0x0000000008000f70                UART5_IRQHandler
                0x0000000008000f70                ADC3_IRQHandler
                0x0000000008000f70                TIM4_IRQHandler
                0x0000000008000f70                CAN_RX1_IRQHandler
                0x0000000008000f70                DMA2_Channel1_IRQHandler
                0x0000000008000f70                DMA1_Channel6_IRQHandler
                0x0000000008000f70                UART4_IRQHandler
                0x0000000008000f70                TIM3_IRQHandler
                0x0000000008000f70                RCC_IRQHandler
                0x0000000008000f70                TIM1_TRG_COM_IRQHandler
                0x0000000008000f70                DMA1_Channel1_IRQHandler
                0x0000000008000f70                Default_Handler
                0x0000000008000f70                TIM7_IRQHandler
                0x0000000008000f70                TIM5_IRQHandler
                0x0000000008000f70                USB_LP_CAN_RX0_IRQHandler
                0x0000000008000f70                DMA1_Channel5_IRQHandler
                0x0000000008000f70                DMA1_Channel3_IRQHandler
                0x0000000008000f70                FSMC_IRQHandler
                0x0000000008000f70                TIM1_UP_IRQHandler
                0x0000000008000f70                WWDG_IRQHandler
                0x0000000008000f70                TIM2_IRQHandler
                0x0000000008000f70                TIM1_BRK_IRQHandler
                0x0000000008000f70                RTCAlarm_IRQHandler
                0x0000000008000f70                DMA2_Channel4_5_IRQHandler
                0x0000000008000f70                DMA1_Channel2_IRQHandler
                0x0000000008000f70                TIM8_BRK_IRQHandler
                0x0000000008000f70                FLASH_IRQHandler
                0x0000000008000f70                SPI3_IRQHandler
                0x0000000008000f70                DMA2_Channel3_IRQHandler
 *fill*         0x0000000008000f72        0x2 
 .text.EXTI0_IRQHandler
                0x0000000008000f74       0x24 ./Stm32_F103C6_Drivers/stm32f103x8_EXTI_driver.o
                0x0000000008000f74                EXTI0_IRQHandler
 .text.EXTI1_IRQHandler
                0x0000000008000f98       0x24 ./Stm32_F103C6_Drivers/stm32f103x8_EXTI_driver.o
                0x0000000008000f98                EXTI1_IRQHandler
 .text.EXTI2_IRQHandler
                0x0000000008000fbc       0x24 ./Stm32_F103C6_Drivers/stm32f103x8_EXTI_driver.o
                0x0000000008000fbc                EXTI2_IRQHandler
 .text.EXTI3_IRQHandler
                0x0000000008000fe0       0x24 ./Stm32_F103C6_Drivers/stm32f103x8_EXTI_driver.o
                0x0000000008000fe0                EXTI3_IRQHandler
 .text.EXTI4_IRQHandler
                0x0000000008001004       0x24 ./Stm32_F103C6_Drivers/stm32f103x8_EXTI_driver.o
                0x0000000008001004                EXTI4_IRQHandler
 .text.EXTI9_5_IRQHandler
                0x0000000008001028       0xa8 ./Stm32_F103C6_Drivers/stm32f103x8_EXTI_driver.o
                0x0000000008001028                EXTI9_5_IRQHandler
 .text.EXTI15_10_IRQHandler
                0x00000000080010d0       0xc4 ./Stm32_F103C6_Drivers/stm32f103x8_EXTI_driver.o
                0x00000000080010d0                EXTI15_10_IRQHandler
 .text.I2C1_ER_IRQHandler
                0x0000000008001194        0xc ./Stm32_F103C6_Drivers/stm32f103x8_I2C_Drver.o
                0x0000000008001194                I2C1_ER_IRQHandler
 .text.I2C1_EV_IRQHandler
                0x00000000080011a0       0xec ./Stm32_F103C6_Drivers/stm32f103x8_I2C_Drver.o
                0x00000000080011a0                I2C1_EV_IRQHandler
 .text.Slave_States
                0x000000000800128c       0xe0 ./Stm32_F103C6_Drivers/stm32f103x8_I2C_Drver.o
                0x000000000800128c                Slave_States
 .text.I2C2_ER_IRQHandler
                0x000000000800136c        0xc ./Stm32_F103C6_Drivers/stm32f103x8_I2C_Drver.o
                0x000000000800136c                I2C2_ER_IRQHandler
 .text.I2C2_EV_IRQHandler
                0x0000000008001378        0xc ./Stm32_F103C6_Drivers/stm32f103x8_I2C_Drver.o
                0x0000000008001378                I2C2_EV_IRQHandler
 .text.SPI1_IRQHandler
                0x0000000008001384       0x5c ./Stm32_F103C6_Drivers/stm32f103x8_SPI_Drver.o
                0x0000000008001384                SPI1_IRQHandler
 .text.SPI2_IRQHandler
                0x00000000080013e0       0x5c ./Stm32_F103C6_Drivers/stm32f103x8_SPI_Drver.o
                0x00000000080013e0                SPI2_IRQHandler
 .text.USART1_IRQHandler
                0x000000000800143c       0x14 ./Stm32_F103C6_Drivers/stm32f103x8_USART_driver.o
                0x000000000800143c                USART1_IRQHandler
 .text.USART2_IRQHandler
                0x0000000008001450       0x14 ./Stm32_F103C6_Drivers/stm32f103x8_USART_driver.o
                0x0000000008001450                USART2_IRQHandler
 .text.USART3_IRQHandler
                0x0000000008001464       0x14 ./Stm32_F103C6_Drivers/stm32f103x8_USART_driver.o
                0x0000000008001464                USART3_IRQHandler
 .text.__libc_init_array
                0x0000000008001478       0x48 C:/ST/STM32CubeIDE_1.14.1/STM32CubeIDE/plugins/com.st.stm32cube.ide.mcu.externaltools.gnu-tools-for-stm32.11.3.rel1.win32_1.1.100.202309141235/tools/bin/../lib/gcc/arm-none-eabi/11.3.1/../../../../arm-none-eabi/lib/thumb/v7-m/nofp\libc_nano.a(libc_a-init.o)
                0x0000000008001478                __libc_init_array
 *(.glue_7)
 .glue_7        0x00000000080014c0        0x0 linker stubs
 *(.glue_7t)
 .glue_7t       0x00000000080014c0        0x0 linker stubs
 *(.eh_frame)
 .eh_frame      0x00000000080014c0        0x0 C:/ST/STM32CubeIDE_1.14.1/STM32CubeIDE/plugins/com.st.stm32cube.ide.mcu.externaltools.gnu-tools-for-stm32.11.3.rel1.win32_1.1.100.202309141235/tools/bin/../lib/gcc/arm-none-eabi/11.3.1/thumb/v7-m/nofp/crtbegin.o
 *(.init)
 .init          0x00000000080014c0        0x4 C:/ST/STM32CubeIDE_1.14.1/STM32CubeIDE/plugins/com.st.stm32cube.ide.mcu.externaltools.gnu-tools-for-stm32.11.3.rel1.win32_1.1.100.202309141235/tools/bin/../lib/gcc/arm-none-eabi/11.3.1/thumb/v7-m/nofp/crti.o
                0x00000000080014c0                _init
 .init          0x00000000080014c4        0x8 C:/ST/STM32CubeIDE_1.14.1/STM32CubeIDE/plugins/com.st.stm32cube.ide.mcu.externaltools.gnu-tools-for-stm32.11.3.rel1.win32_1.1.100.202309141235/tools/bin/../lib/gcc/arm-none-eabi/11.3.1/thumb/v7-m/nofp/crtn.o
 *(.fini)
 .fini          0x00000000080014cc        0x4 C:/ST/STM32CubeIDE_1.14.1/STM32CubeIDE/plugins/com.st.stm32cube.ide.mcu.externaltools.gnu-tools-for-stm32.11.3.rel1.win32_1.1.100.202309141235/tools/bin/../lib/gcc/arm-none-eabi/11.3.1/thumb/v7-m/nofp/crti.o
                0x00000000080014cc                _fini
 .fini          0x00000000080014d0        0x8 C:/ST/STM32CubeIDE_1.14.1/STM32CubeIDE/plugins/com.st.stm32cube.ide.mcu.externaltools.gnu-tools-for-stm32.11.3.rel1.win32_1.1.100.202309141235/tools/bin/../lib/gcc/arm-none-eabi/11.3.1/thumb/v7-m/nofp/crtn.o
                0x00000000080014d8                . = ALIGN (0x4)
                0x00000000080014d8                _etext = .

.vfp11_veneer   0x00000000080014d8        0x0
 .vfp11_veneer  0x00000000080014d8        0x0 linker stubs

.v4_bx          0x00000000080014d8        0x0
 .v4_bx         0x00000000080014d8        0x0 linker stubs

.iplt           0x00000000080014d8        0x0
 .iplt          0x00000000080014d8        0x0 C:/ST/STM32CubeIDE_1.14.1/STM32CubeIDE/plugins/com.st.stm32cube.ide.mcu.externaltools.gnu-tools-for-stm32.11.3.rel1.win32_1.1.100.202309141235/tools/bin/../lib/gcc/arm-none-eabi/11.3.1/thumb/v7-m/nofp/crtbegin.o

.rodata         0x00000000080014d8       0x4c
                0x00000000080014d8                . = ALIGN (0x4)
 *(.rodata)
 .rodata        0x00000000080014d8       0x15 ./My_RTOS/Schedular.o
 *fill*         0x00000000080014ed        0x3 
 .rodata        0x00000000080014f0       0x33 ./Src/main.o
 *(.rodata*)
                0x0000000008001524                . = ALIGN (0x4)
 *fill*         0x0000000008001523        0x1 

.rel.dyn        0x0000000008001524        0x0
 .rel.iplt      0x0000000008001524        0x0 C:/ST/STM32CubeIDE_1.14.1/STM32CubeIDE/plugins/com.st.stm32cube.ide.mcu.externaltools.gnu-tools-for-stm32.11.3.rel1.win32_1.1.100.202309141235/tools/bin/../lib/gcc/arm-none-eabi/11.3.1/thumb/v7-m/nofp/crtbegin.o

.ARM.extab      0x0000000008001524        0x0
                0x0000000008001524                . = ALIGN (0x4)
 *(.ARM.extab* .gnu.linkonce.armextab.*)
                0x0000000008001524                . = ALIGN (0x4)

.ARM            0x0000000008001524        0x0
                0x0000000008001524                . = ALIGN (0x4)
                0x0000000008001524                __exidx_start = .
 *(.ARM.exidx*)
                0x0000000008001524                __exidx_end = .
                0x0000000008001524                . = ALIGN (0x4)

.preinit_array  0x0000000008001524        0x0
                0x0000000008001524                . = ALIGN (0x4)
                0x0000000008001524                PROVIDE (__preinit_array_start = .)
 *(.preinit_array*)
                0x0000000008001524                PROVIDE (__preinit_array_end = .)
                0x0000000008001524                . = ALIGN (0x4)

.init_array     0x0000000008001524        0x4
                0x0000000008001524                . = ALIGN (0x4)
                0x0000000008001524                PROVIDE (__init_array_start = .)
 *(SORT_BY_NAME(.init_array.*))
 *(.init_array*)
 .init_array    0x0000000008001524        0x4 C:/ST/STM32CubeIDE_1.14.1/STM32CubeIDE/plugins/com.st.stm32cube.ide.mcu.externaltools.gnu-tools-for-stm32.11.3.rel1.win32_1.1.100.202309141235/tools/bin/../lib/gcc/arm-none-eabi/11.3.1/thumb/v7-m/nofp/crtbegin.o
                0x0000000008001528                PROVIDE (__init_array_end = .)
                0x0000000008001528                . = ALIGN (0x4)

.fini_array     0x0000000008001528        0x4
                0x0000000008001528                . = ALIGN (0x4)
                [!provide]                        PROVIDE (__fini_array_start = .)
 *(SORT_BY_NAME(.fini_array.*))
 *(.fini_array*)
 .fini_array    0x0000000008001528        0x4 C:/ST/STM32CubeIDE_1.14.1/STM32CubeIDE/plugins/com.st.stm32cube.ide.mcu.externaltools.gnu-tools-for-stm32.11.3.rel1.win32_1.1.100.202309141235/tools/bin/../lib/gcc/arm-none-eabi/11.3.1/thumb/v7-m/nofp/crtbegin.o
                [!provide]                        PROVIDE (__fini_array_end = .)
                0x000000000800152c                . = ALIGN (0x4)
                0x000000000800152c                _sidata = LOADADDR (.data)

.data           0x0000000020000000        0x4 load address 0x000000000800152c
                0x0000000020000000                . = ALIGN (0x4)
                0x0000000020000000                _sdata = .
 *(.data)
 *(.data*)
 .data.array    0x0000000020000000        0x3 ./Src/main.o
                0x0000000020000000                array
 *(.RamFunc)
 *(.RamFunc*)
                0x0000000020000004                . = ALIGN (0x4)
 *fill*         0x0000000020000003        0x1 
                0x0000000020000004                _edata = .

.igot.plt       0x0000000020000004        0x0 load address 0x0000000008001530
 .igot.plt      0x0000000020000004        0x0 C:/ST/STM32CubeIDE_1.14.1/STM32CubeIDE/plugins/com.st.stm32cube.ide.mcu.externaltools.gnu-tools-for-stm32.11.3.rel1.win32_1.1.100.202309141235/tools/bin/../lib/gcc/arm-none-eabi/11.3.1/thumb/v7-m/nofp/crtbegin.o
                0x0000000020000004                . = ALIGN (0x4)

.bss            0x0000000020000004      0x578 load address 0x0000000008001530
                0x0000000020000004                _sbss = .
                0x0000000020000004                __bss_start__ = _sbss
 *(.bss)
 .bss           0x0000000020000004       0x1c C:/ST/STM32CubeIDE_1.14.1/STM32CubeIDE/plugins/com.st.stm32cube.ide.mcu.externaltools.gnu-tools-for-stm32.11.3.rel1.win32_1.1.100.202309141235/tools/bin/../lib/gcc/arm-none-eabi/11.3.1/thumb/v7-m/nofp/crtbegin.o
 *(.bss*)
 .bss.IdleTaskLED
                0x0000000020000020        0x1 ./My_RTOS/Schedular.o
                0x0000000020000020                IdleTaskLED
 .bss.SysTickLED
                0x0000000020000021        0x1 ./My_RTOS/Schedular.o
                0x0000000020000021                SysTickLED
 *fill*         0x0000000020000022        0x2 
 .bss.ReadyQueue
                0x0000000020000024       0x14 ./My_RTOS/Schedular.o
                0x0000000020000024                ReadyQueue
 .bss.ReadyQueueFIFO
                0x0000000020000038      0x190 ./My_RTOS/Schedular.o
                0x0000000020000038                ReadyQueueFIFO
 .bss.MYRTOS_IdleTask
                0x00000000200001c8       0x40 ./My_RTOS/Schedular.o
                0x00000000200001c8                MYRTOS_IdleTask
 .bss.OS_Control
                0x0000000020000208      0x1ac ./My_RTOS/Schedular.o
                0x0000000020000208                OS_Control
 .bss.Task1     0x00000000200003b4       0x40 ./Src/main.o
                0x00000000200003b4                Task1
 .bss.Task2     0x00000000200003f4       0x40 ./Src/main.o
                0x00000000200003f4                Task2
 .bss.Task3     0x0000000020000434       0x40 ./Src/main.o
                0x0000000020000434                Task3
 .bss.Task4     0x0000000020000474       0x40 ./Src/main.o
                0x0000000020000474                Task4
 .bss.Task1LED  0x00000000200004b4        0x1 ./Src/main.o
                0x00000000200004b4                Task1LED
 .bss.Task2LED  0x00000000200004b5        0x1 ./Src/main.o
                0x00000000200004b5                Task2LED
 .bss.Task3LED  0x00000000200004b6        0x1 ./Src/main.o
                0x00000000200004b6                Task3LED
 .bss.Task4LED  0x00000000200004b7        0x1 ./Src/main.o
                0x00000000200004b7                Task4LED
 .bss.MUTEX1    0x00000000200004b8       0x34 ./Src/main.o
                0x00000000200004b8                MUTEX1
 .bss.GP_IRQ_CallBack
                0x00000000200004ec       0x3c ./Stm32_F103C6_Drivers/stm32f103x8_EXTI_driver.o
                0x00000000200004ec                GP_IRQ_CallBack
 .bss.Global_I2C_Config
                0x0000000020000528       0x48 ./Stm32_F103C6_Drivers/stm32f103x8_I2C_Drver.o
                0x0000000020000528                Global_I2C_Config
 .bss.Global_SPI_Config
                0x0000000020000570        0x8 ./Stm32_F103C6_Drivers/stm32f103x8_SPI_Drver.o
                0x0000000020000570                Global_SPI_Config
 .bss.Global_UART_Config
                0x0000000020000578        0x4 ./Stm32_F103C6_Drivers/stm32f103x8_USART_driver.o
                0x0000000020000578                Global_UART_Config
 *(COMMON)
                0x000000002000057c                . = ALIGN (0x4)
                0x000000002000057c                _ebss = .
                0x000000002000057c                __bss_end__ = _ebss

._user_heap_stack
                0x000000002000057c      0x604 load address 0x0000000008001530
                0x0000000020000580                . = ALIGN (0x8)
 *fill*         0x000000002000057c        0x4 
                [!provide]                        PROVIDE (end = .)
                0x0000000020000580                PROVIDE (_end = .)
                0x0000000020000780                . = (. + _Min_Heap_Size)
 *fill*         0x0000000020000580      0x200 
                0x0000000020000780                . = ALIGN (0x8)
                0x0000000020000780                _eheap = .
                0x0000000020000b80                . = (. + _Min_Stack_Size)
 *fill*         0x0000000020000780      0x400 
                0x0000000020000b80                . = ALIGN (0x8)

/DISCARD/
 libc.a(*)
 libm.a(*)
 libgcc.a(*)

.ARM.attributes
                0x0000000000000000       0x29
 *(.ARM.attributes)
 .ARM.attributes
                0x0000000000000000       0x1d C:/ST/STM32CubeIDE_1.14.1/STM32CubeIDE/plugins/com.st.stm32cube.ide.mcu.externaltools.gnu-tools-for-stm32.11.3.rel1.win32_1.1.100.202309141235/tools/bin/../lib/gcc/arm-none-eabi/11.3.1/thumb/v7-m/nofp/crti.o
 .ARM.attributes
                0x000000000000001d       0x2d C:/ST/STM32CubeIDE_1.14.1/STM32CubeIDE/plugins/com.st.stm32cube.ide.mcu.externaltools.gnu-tools-for-stm32.11.3.rel1.win32_1.1.100.202309141235/tools/bin/../lib/gcc/arm-none-eabi/11.3.1/thumb/v7-m/nofp/crtbegin.o
 .ARM.attributes
                0x000000000000004a       0x2d ./My_RTOS/Cortex_Mx_OS_Porting.o
 .ARM.attributes
                0x0000000000000077       0x2d ./My_RTOS/My_RTOS_FIFO.o
 .ARM.attributes
                0x00000000000000a4       0x2d ./My_RTOS/Schedular.o
 .ARM.attributes
                0x00000000000000d1       0x2d ./Src/main.o
 .ARM.attributes
                0x00000000000000fe       0x21 ./Startup/startup_stm32f103c8tx.o
 .ARM.attributes
                0x000000000000011f       0x2d ./Stm32_F103C6_Drivers/stm32f103x8_EXTI_driver.o
 .ARM.attributes
                0x000000000000014c       0x2d ./Stm32_F103C6_Drivers/stm32f103x8_I2C_Drver.o
 .ARM.attributes
                0x0000000000000179       0x2d ./Stm32_F103C6_Drivers/stm32f103x8_SPI_Drver.o
 .ARM.attributes
                0x00000000000001a6       0x2d ./Stm32_F103C6_Drivers/stm32f103x8_USART_driver.o
 .ARM.attributes
                0x00000000000001d3       0x2d C:/ST/STM32CubeIDE_1.14.1/STM32CubeIDE/plugins/com.st.stm32cube.ide.mcu.externaltools.gnu-tools-for-stm32.11.3.rel1.win32_1.1.100.202309141235/tools/bin/../lib/gcc/arm-none-eabi/11.3.1/../../../../arm-none-eabi/lib/thumb/v7-m/nofp\libc_nano.a(libc_a-init.o)
 .ARM.attributes
                0x0000000000000200       0x1b C:/ST/STM32CubeIDE_1.14.1/STM32CubeIDE/plugins/com.st.stm32cube.ide.mcu.externaltools.gnu-tools-for-stm32.11.3.rel1.win32_1.1.100.202309141235/tools/bin/../lib/gcc/arm-none-eabi/11.3.1/../../../../arm-none-eabi/lib/thumb/v7-m/nofp\libc_nano.a(libc_a-strcmp.o)
 .ARM.attributes
                0x000000000000021b       0x1d C:/ST/STM32CubeIDE_1.14.1/STM32CubeIDE/plugins/com.st.stm32cube.ide.mcu.externaltools.gnu-tools-for-stm32.11.3.rel1.win32_1.1.100.202309141235/tools/bin/../lib/gcc/arm-none-eabi/11.3.1/thumb/v7-m/nofp/crtn.o
OUTPUT(ARM_CortexM4_M3.axf elf32-littlearm)
LOAD linker stubs
LOAD C:/ST/STM32CubeIDE_1.14.1/STM32CubeIDE/plugins/com.st.stm32cube.ide.mcu.externaltools.gnu-tools-for-stm32.11.3.rel1.win32_1.1.100.202309141235/tools/bin/../lib/gcc/arm-none-eabi/11.3.1/../../../../arm-none-eabi/lib/thumb/v7-m/nofp\libc.a
LOAD C:/ST/STM32CubeIDE_1.14.1/STM32CubeIDE/plugins/com.st.stm32cube.ide.mcu.externaltools.gnu-tools-for-stm32.11.3.rel1.win32_1.1.100.202309141235/tools/bin/../lib/gcc/arm-none-eabi/11.3.1/../../../../arm-none-eabi/lib/thumb/v7-m/nofp\libm.a
LOAD C:/ST/STM32CubeIDE_1.14.1/STM32CubeIDE/plugins/com.st.stm32cube.ide.mcu.externaltools.gnu-tools-for-stm32.11.3.rel1.win32_1.1.100.202309141235/tools/bin/../lib/gcc/arm-none-eabi/11.3.1/thumb/v7-m/nofp\libgcc.a

.comment        0x0000000000000000       0x43
 .comment       0x0000000000000000       0x43 C:/ST/STM32CubeIDE_1.14.1/STM32CubeIDE/plugins/com.st.stm32cube.ide.mcu.externaltools.gnu-tools-for-stm32.11.3.rel1.win32_1.1.100.202309141235/tools/bin/../lib/gcc/arm-none-eabi/11.3.1/thumb/v7-m/nofp/crtbegin.o
                                         0x44 (size before relaxing)
 .comment       0x0000000000000043       0x44 ./My_RTOS/Cortex_Mx_OS_Porting.o
 .comment       0x0000000000000043       0x44 ./My_RTOS/My_RTOS_FIFO.o
 .comment       0x0000000000000043       0x44 ./My_RTOS/Schedular.o
 .comment       0x0000000000000043       0x44 ./Src/main.o
 .comment       0x0000000000000043       0x44 ./Stm32_F103C6_Drivers/stm32f103x8_EXTI_driver.o
 .comment       0x0000000000000043       0x44 ./Stm32_F103C6_Drivers/stm32f103x8_I2C_Drver.o
 .comment       0x0000000000000043       0x44 ./Stm32_F103C6_Drivers/stm32f103x8_SPI_Drver.o
 .comment       0x0000000000000043       0x44 ./Stm32_F103C6_Drivers/stm32f103x8_USART_driver.o

.debug_info     0x0000000000000000     0x3703
 .debug_info    0x0000000000000000      0x5e0 ./My_RTOS/Cortex_Mx_OS_Porting.o
 .debug_info    0x00000000000005e0      0x3a5 ./My_RTOS/My_RTOS_FIFO.o
 .debug_info    0x0000000000000985      0xb25 ./My_RTOS/Schedular.o
 .debug_info    0x00000000000014aa      0x58d ./Src/main.o
 .debug_info    0x0000000000001a37       0x22 ./Startup/startup_stm32f103c8tx.o
 .debug_info    0x0000000000001a59      0x530 ./Stm32_F103C6_Drivers/stm32f103x8_EXTI_driver.o
 .debug_info    0x0000000000001f89      0xb04 ./Stm32_F103C6_Drivers/stm32f103x8_I2C_Drver.o
 .debug_info    0x0000000000002a8d      0x6b4 ./Stm32_F103C6_Drivers/stm32f103x8_SPI_Drver.o
 .debug_info    0x0000000000003141      0x5c2 ./Stm32_F103C6_Drivers/stm32f103x8_USART_driver.o

.debug_abbrev   0x0000000000000000      0xe22
 .debug_abbrev  0x0000000000000000      0x184 ./My_RTOS/Cortex_Mx_OS_Porting.o
 .debug_abbrev  0x0000000000000184       0xee ./My_RTOS/My_RTOS_FIFO.o
 .debug_abbrev  0x0000000000000272      0x2f7 ./My_RTOS/Schedular.o
 .debug_abbrev  0x0000000000000569      0x16d ./Src/main.o
 .debug_abbrev  0x00000000000006d6       0x12 ./Startup/startup_stm32f103c8tx.o
 .debug_abbrev  0x00000000000006e8      0x180 ./Stm32_F103C6_Drivers/stm32f103x8_EXTI_driver.o
 .debug_abbrev  0x0000000000000868      0x257 ./Stm32_F103C6_Drivers/stm32f103x8_I2C_Drver.o
 .debug_abbrev  0x0000000000000abf      0x1ab ./Stm32_F103C6_Drivers/stm32f103x8_SPI_Drver.o
 .debug_abbrev  0x0000000000000c6a      0x1b8 ./Stm32_F103C6_Drivers/stm32f103x8_USART_driver.o

.debug_loc      0x0000000000000000     0x1754
 .debug_loc     0x0000000000000000      0x1b4 ./My_RTOS/Cortex_Mx_OS_Porting.o
 .debug_loc     0x00000000000001b4      0x170 ./My_RTOS/My_RTOS_FIFO.o
 .debug_loc     0x0000000000000324      0x528 ./My_RTOS/Schedular.o
 .debug_loc     0x000000000000084c      0x118 ./Src/main.o
 .debug_loc     0x0000000000000964      0x320 ./Stm32_F103C6_Drivers/stm32f103x8_EXTI_driver.o
 .debug_loc     0x0000000000000c84      0x580 ./Stm32_F103C6_Drivers/stm32f103x8_I2C_Drver.o
 .debug_loc     0x0000000000001204      0x2bc ./Stm32_F103C6_Drivers/stm32f103x8_SPI_Drver.o
 .debug_loc     0x00000000000014c0      0x294 ./Stm32_F103C6_Drivers/stm32f103x8_USART_driver.o

.debug_aranges  0x0000000000000000      0x388
 .debug_aranges
                0x0000000000000000       0x60 ./My_RTOS/Cortex_Mx_OS_Porting.o
 .debug_aranges
                0x0000000000000060       0x38 ./My_RTOS/My_RTOS_FIFO.o
 .debug_aranges
                0x0000000000000098       0xb0 ./My_RTOS/Schedular.o
 .debug_aranges
                0x0000000000000148       0x40 ./Src/main.o
 .debug_aranges
                0x0000000000000188       0x28 ./Startup/startup_stm32f103c8tx.o
 .debug_aranges
                0x00000000000001b0       0x80 ./Stm32_F103C6_Drivers/stm32f103x8_EXTI_driver.o
 .debug_aranges
                0x0000000000000230       0xa0 ./Stm32_F103C6_Drivers/stm32f103x8_I2C_Drver.o
 .debug_aranges
                0x00000000000002d0       0x58 ./Stm32_F103C6_Drivers/stm32f103x8_SPI_Drver.o
 .debug_aranges
                0x0000000000000328       0x60 ./Stm32_F103C6_Drivers/stm32f103x8_USART_driver.o

.debug_ranges   0x0000000000000000      0x300
 .debug_ranges  0x0000000000000000       0x50 ./My_RTOS/Cortex_Mx_OS_Porting.o
 .debug_ranges  0x0000000000000050       0x28 ./My_RTOS/My_RTOS_FIFO.o
 .debug_ranges  0x0000000000000078       0xa0 ./My_RTOS/Schedular.o
 .debug_ranges  0x0000000000000118       0x30 ./Src/main.o
 .debug_ranges  0x0000000000000148       0x20 ./Startup/startup_stm32f103c8tx.o
 .debug_ranges  0x0000000000000168       0x70 ./Stm32_F103C6_Drivers/stm32f103x8_EXTI_driver.o
 .debug_ranges  0x00000000000001d8       0x90 ./Stm32_F103C6_Drivers/stm32f103x8_I2C_Drver.o
 .debug_ranges  0x0000000000000268       0x48 ./Stm32_F103C6_Drivers/stm32f103x8_SPI_Drver.o
 .debug_ranges  0x00000000000002b0       0x50 ./Stm32_F103C6_Drivers/stm32f103x8_USART_driver.o

.debug_macro    0x0000000000000000     0x2c77
 .debug_macro   0x0000000000000000       0xae ./My_RTOS/Cortex_Mx_OS_Porting.o
 .debug_macro   0x00000000000000ae       0x28 ./My_RTOS/Cortex_Mx_OS_Porting.o
 .debug_macro   0x00000000000000d6       0x8e ./My_RTOS/Cortex_Mx_OS_Porting.o
 .debug_macro   0x0000000000000164       0x51 ./My_RTOS/Cortex_Mx_OS_Porting.o
 .debug_macro   0x00000000000001b5       0x1c ./My_RTOS/Cortex_Mx_OS_Porting.o
 .debug_macro   0x00000000000001d1       0x22 ./My_RTOS/Cortex_Mx_OS_Porting.o
 .debug_macro   0x00000000000001f3       0xdf ./My_RTOS/Cortex_Mx_OS_Porting.o
 .debug_macro   0x00000000000002d2      0xd08 ./My_RTOS/Cortex_Mx_OS_Porting.o
 .debug_macro   0x0000000000000fda      0x1b0 ./My_RTOS/My_RTOS_FIFO.o
 .debug_macro   0x000000000000118a       0x16 ./My_RTOS/My_RTOS_FIFO.o
 .debug_macro   0x00000000000011a0       0x97 ./My_RTOS/My_RTOS_FIFO.o
 .debug_macro   0x0000000000001237       0xfd ./My_RTOS/My_RTOS_FIFO.o
 .debug_macro   0x0000000000001334       0x10 ./My_RTOS/My_RTOS_FIFO.o
 .debug_macro   0x0000000000001344       0x16 ./My_RTOS/My_RTOS_FIFO.o
 .debug_macro   0x000000000000135a       0x16 ./My_RTOS/My_RTOS_FIFO.o
 .debug_macro   0x0000000000001370      0x147 ./My_RTOS/My_RTOS_FIFO.o
 .debug_macro   0x00000000000014b7       0x34 ./My_RTOS/My_RTOS_FIFO.o
 .debug_macro   0x00000000000014eb      0x1ea ./My_RTOS/Schedular.o
 .debug_macro   0x00000000000016d5       0x61 ./My_RTOS/Schedular.o
 .debug_macro   0x0000000000001736       0x16 ./My_RTOS/Schedular.o
 .debug_macro   0x000000000000174c       0x35 ./My_RTOS/Schedular.o
 .debug_macro   0x0000000000001781       0x20 ./My_RTOS/Schedular.o
 .debug_macro   0x00000000000017a1      0x24a ./Src/main.o
 .debug_macro   0x00000000000019eb       0x1c ./Src/main.o
 .debug_macro   0x0000000000001a07       0x1c ./Src/main.o
 .debug_macro   0x0000000000001a23      0x6be ./Src/main.o
 .debug_macro   0x00000000000020e1       0xa0 ./Src/main.o
 .debug_macro   0x0000000000002181       0x40 ./Src/main.o
 .debug_macro   0x00000000000021c1      0x228 ./Src/main.o
 .debug_macro   0x00000000000023e9       0xe8 ./Src/main.o
 .debug_macro   0x00000000000024d1       0xcb ./Src/main.o
 .debug_macro   0x000000000000259c       0x67 ./Src/main.o
 .debug_macro   0x0000000000002603       0x10 ./Src/main.o
 .debug_macro   0x0000000000002613      0x15f ./Stm32_F103C6_Drivers/stm32f103x8_EXTI_driver.o
 .debug_macro   0x0000000000002772      0x16a ./Stm32_F103C6_Drivers/stm32f103x8_I2C_Drver.o
 .debug_macro   0x00000000000028dc      0x178 ./Stm32_F103C6_Drivers/stm32f103x8_SPI_Drver.o
 .debug_macro   0x0000000000002a54       0xc5 ./Stm32_F103C6_Drivers/stm32f103x8_SPI_Drver.o
 .debug_macro   0x0000000000002b19      0x15e ./Stm32_F103C6_Drivers/stm32f103x8_USART_driver.o

.debug_line     0x0000000000000000     0x4b8d
 .debug_line    0x0000000000000000      0x5c0 ./My_RTOS/Cortex_Mx_OS_Porting.o
 .debug_line    0x00000000000005c0      0x7b8 ./My_RTOS/My_RTOS_FIFO.o
 .debug_line    0x0000000000000d78      0xd30 ./My_RTOS/Schedular.o
 .debug_line    0x0000000000001aa8      0x900 ./Src/main.o
 .debug_line    0x00000000000023a8       0x84 ./Startup/startup_stm32f103c8tx.o
 .debug_line    0x000000000000242c      0xa22 ./Stm32_F103C6_Drivers/stm32f103x8_EXTI_driver.o
 .debug_line    0x0000000000002e4e      0xb66 ./Stm32_F103C6_Drivers/stm32f103x8_I2C_Drver.o
 .debug_line    0x00000000000039b4      0x979 ./Stm32_F103C6_Drivers/stm32f103x8_SPI_Drver.o
 .debug_line    0x000000000000432d      0x860 ./Stm32_F103C6_Drivers/stm32f103x8_USART_driver.o

.debug_str      0x0000000000000000    0x12c60
 .debug_str     0x0000000000000000     0x906c ./My_RTOS/Cortex_Mx_OS_Porting.o
                                       0x9210 (size before relaxing)
 .debug_str     0x000000000000906c     0x3e49 ./My_RTOS/My_RTOS_FIFO.o
                                       0xce37 (size before relaxing)
 .debug_str     0x000000000000ceb5      0x49d ./My_RTOS/Schedular.o
                                       0xd30d (size before relaxing)
 .debug_str     0x000000000000d352     0x4d11 ./Src/main.o
                                      0x11c01 (size before relaxing)
 .debug_str     0x0000000000012063       0x2f ./Startup/startup_stm32f103c8tx.o
                                         0x58 (size before relaxing)
 .debug_str     0x0000000000012092      0x2da ./Stm32_F103C6_Drivers/stm32f103x8_EXTI_driver.o
                                       0xaf26 (size before relaxing)
 .debug_str     0x000000000001236c      0x4e4 ./Stm32_F103C6_Drivers/stm32f103x8_I2C_Drver.o
                                       0xa0fa (size before relaxing)
 .debug_str     0x0000000000012850      0x28f ./Stm32_F103C6_Drivers/stm32f103x8_SPI_Drver.o
                                       0xa1f4 (size before relaxing)
 .debug_str     0x0000000000012adf      0x181 ./Stm32_F103C6_Drivers/stm32f103x8_USART_driver.o
                                       0xa21e (size before relaxing)

.debug_frame    0x0000000000000000      0xc0c
 .debug_frame   0x0000000000000000      0x104 ./My_RTOS/Cortex_Mx_OS_Porting.o
 .debug_frame   0x0000000000000104       0xb0 ./My_RTOS/My_RTOS_FIFO.o
 .debug_frame   0x00000000000001b4      0x28c ./My_RTOS/Schedular.o
 .debug_frame   0x0000000000000440       0xb4 ./Src/main.o
 .debug_frame   0x00000000000004f4      0x1b0 ./Stm32_F103C6_Drivers/stm32f103x8_EXTI_driver.o
 .debug_frame   0x00000000000006a4      0x288 ./Stm32_F103C6_Drivers/stm32f103x8_I2C_Drver.o
 .debug_frame   0x000000000000092c      0x148 ./Stm32_F103C6_Drivers/stm32f103x8_SPI_Drver.o
 .debug_frame   0x0000000000000a74      0x14c ./Stm32_F103C6_Drivers/stm32f103x8_USART_driver.o
 .debug_frame   0x0000000000000bc0       0x2c C:/ST/STM32CubeIDE_1.14.1/STM32CubeIDE/plugins/com.st.stm32cube.ide.mcu.externaltools.gnu-tools-for-stm32.11.3.rel1.win32_1.1.100.202309141235/tools/bin/../lib/gcc/arm-none-eabi/11.3.1/../../../../arm-none-eabi/lib/thumb/v7-m/nofp\libc_nano.a(libc_a-init.o)
 .debug_frame   0x0000000000000bec       0x20 C:/ST/STM32CubeIDE_1.14.1/STM32CubeIDE/plugins/com.st.stm32cube.ide.mcu.externaltools.gnu-tools-for-stm32.11.3.rel1.win32_1.1.100.202309141235/tools/bin/../lib/gcc/arm-none-eabi/11.3.1/../../../../arm-none-eabi/lib/thumb/v7-m/nofp\libc_nano.a(libc_a-strcmp.o)
