../My_RTOS/Schedular.c:54:13:OS_SVC_Set	16	static,ignoring_inline_asm
../My_RTOS/Schedular.c:72:13:MYRTOS_Create_MainStack	4	static
../My_RTOS/Schedular.c:81:13:MyRTOS_Idle_Task	4	static,ignoring_inline_asm
../My_RTOS/Schedular.c:90:6:SysTick_Handler	8	static
../My_RTOS/Schedular.c:104:13:MYRTOS_DecideNextTask	8	static
../My_RTOS/Schedular.c:126:6:MYRTOS_SVC_services	24	static
../My_RTOS/Schedular.c:151:28:PendSV_Handler	0	static,ignoring_inline_asm
../My_RTOS/Schedular.c:200:13:MYRTOS_UpdateSchedulerTable	24	static
../My_RTOS/Schedular.c:240:13:MYRTOS_BubbleSort	16	static
../My_RTOS/Schedular.c:258:16:MYRTOS_Init	16	static
../My_RTOS/Schedular.c:285:13:MYRTOS_Create_Stack	24	static
../My_RTOS/Schedular.c:334:16:MYRTOS_Create_Task	24	static
../My_RTOS/Schedular.c:374:13:MYRTOS_Update_TasksWaitingTime	16	static
../My_RTOS/Schedular.c:391:6:MYRTOS_StartOS	8	static,ignoring_inline_asm
../My_RTOS/Schedular.c:411:16:MYRTOS_AcquireMutex	24	static
../My_RTOS/Schedular.c:445:6:MYRTOS_ReleaseMutex	16	static
../My_RTOS/Schedular.c:471:6:MYRTOS_ActivateTask	16	static
../My_RTOS/Schedular.c:478:6:MYRTOS_TerminateTask	16	static
../My_RTOS/Schedular.c:485:6:MYRTOS_TaskWait	16	static
